// Jest Snapshot v1, https://goo.gl/fbAQLP

exports[`renders correctly 1`] = `
<div>
  <nav
    class="sc-AxirZ eJbqkC"
  >
    <a
      class="sc-AxhCb dVuYXT"
      href="/"
    >
      <div
        class="sc-AxiKw xyHFi"
      >
        <svg>
          Logo.svg
        </svg>
        <p
          class="sc-AxhUy ikMnzY"
        >
          ritifi
        </p>
      </div>
    </a>
    <a
      href="/login"
    >
      <button
        class="sc-AxjAm ehWnyF"
        data-testid="Button"
      >
        Login
      </button>
    </a>
  </nav>
</div>
`;
