// Jest Snapshot v1, https://goo.gl/fbAQLP

exports[`renders correctly 1`] = `
<div>
  <nav
    class="sc-AxiKw UFbQu"
  >
    <a
      class="sc-AxhUy bILkkK"
      href="/"
    >
      <div
        class="sc-AxhCb fbHzsa"
      >
        <svg>
          Logo.svg
        </svg>
        <h2
          class="sc-AxgMl etuHJO"
        >
          ritifi
        </h2>
      </div>
    </a>
    <div
      class="sc-Axmtr driRfU"
    >
      <a
        class="sc-AxhUy bILkkK"
        href="/signup"
      >
        <p
          class="sc-AxheI kQFmey"
        >
          Sign up
        </p>
      </a>
      <a
        href="/login"
      >
        <button
          class="sc-AxjAm ekMElM"
          data-testid="Button"
        >
          <p
            class="sc-AxirZ gToTIx"
          >
            Login
          </p>
        </button>
      </a>
    </div>
  </nav>
</div>
`;
