// Jest Snapshot v1, https://goo.gl/fbAQLP

exports[`renders correctly 1`] = `
<div>
  <div
    class="sc-AxjAm dFThfg"
  >
    <div
      class="sc-AxirZ gVoMek"
    >
      <h3
        class="sc-AxiKw ccrnDg"
      >
        A cool story title
      </h3>
      <p
        class="sc-AxhCb kQwkjh"
      >
        This is a placeholder description for the test...
      </p>
      <div
        class="sc-AxhUy jZLOLz"
      >
        <h3
          class="sc-AxgMl gQjXZo"
        >
          Christian Huffman
        </h3>
        <p
          class="sc-AxheI nkKvw"
        >
          @ Some time...
        </p>
      </div>
    </div>
  </div>
</div>
`;
