// Jest Snapshot v1, https://goo.gl/fbAQLP

exports[`renders correctly 1`] = `
<div>
  <div
    class="sc-fzoyAV kRLstc"
  >
    <div
      class="sc-fzoXzr hYbMmf"
    >
      <div
        class="sc-fznyAO ejGegJ"
      >
        <div
          class="sc-fznKkj zxqmm"
        >
          <svg
            height="200"
            width="200"
          >
            Logo.svg
          </svg>
          <div
            class="sc-fzqNJr cPhlSZ"
          >
            <h1
              class="sc-fzokOt iCLnaC"
            >
              Endless reading at the tips of your fingers.
            </h1>
            <h1
              class="sc-fzokOt iCLnaC"
            >
              Create and Discover now.
            </h1>
            <p
              class="sc-fzqBZW lmkqol"
            >
              Writifi is a writing platform that focuses on the content you want to create and discover.
            </p>
          </div>
          <div
            class="sc-fznZeY hGgTbG"
          >
            <a
              href="/signup"
            >
              <button
                class="sc-fzpans gcNfML"
                data-testid="Button"
              >
                <p
                  class="sc-fzplWN clgpog"
                >
                  Start Discovering
                </p>
              </button>
            </a>
            <button
              class="sc-fzpans gcNfML"
              data-testid="Button"
            >
              <p
                class="sc-fzplWN clgpog"
              >
                Why Writifi?
              </p>
            </button>
          </div>
        </div>
      </div>
      <aside
        class="sc-fzoLag cUexAy"
      >
        <div
          class="sc-AxjAm cxYwep"
        >
          <div
            class="sc-AxirZ fxlTtO"
            type="Featured"
          >
            <h2>
              Featured Reading
            </h2>
          </div>
          <div
            class="sc-AxiKw llAaWr"
          >
            <p
              class="sc-AxhCb cwwnQe"
              type="Featured"
            >
              Lorem ipsum dolor sit Molestias? Lorem ipsum dolor sit Molestias?
            </p>
            <p
              class="sc-AxhCb cwwnQe"
              type="Featured"
            >
              Lorem ipsum dolor sit Molestias?
            </p>
            <p
              class="sc-AxhCb cwwnQe"
              type="Featured"
            >
              Lorem ipsum dolor sit Molestias? Lorem ipsum dolor sit Molestias?Lorem ipsum dolor sit Molestias?
            </p>
            <p
              class="sc-AxhCb cwwnQe"
              type="Featured"
            >
              Lorem ipsum dolor sit Molestias?
            </p>
          </div>
        </div>
        <div
          class="sc-AxjAm cxYwep"
        >
          <div
            class="sc-AxirZ kbkaQd"
            type="EditorsChoice"
          >
            <h2>
              Editor's Choice
            </h2>
          </div>
          <div
            class="sc-AxiKw llAaWr"
          >
            <p
              class="sc-AxhCb cwwnQe"
              type="EditorsChoice"
            >
              Lorem ipsum dolor sit Molestias? Lorem ipsum dolor sit Molestias?
            </p>
            <p
              class="sc-AxhCb cwwnQe"
              type="EditorsChoice"
            >
              Lorem ipsum dolor sit Molestias?
            </p>
            <p
              class="sc-AxhCb cwwnQe"
              type="EditorsChoice"
            >
              Lorem ipsum dolor sit Molestias? Lorem ipsum dolor sit Molestias?Lorem ipsum dolor sit Molestias?
            </p>
            <p
              class="sc-AxhCb cwwnQe"
              type="EditorsChoice"
            >
              Lorem ipsum dolor sit Molestias?
            </p>
          </div>
        </div>
      </aside>
    </div>
    <div
      class="sc-fzpjYC fqkWnN"
    >
      <div
        class="sc-AxhUy bdLdpE"
      >
        <div
          class="sc-AxgMl lhehUv"
        >
          <h3
            class="sc-AxheI hhptHN"
          >
            My cool story about something...
          </h3>
          <p
            class="sc-Axmtr dBzwKj"
          >
            This is the description of my story to somewhat sums it up...
          </p>
          <div
            class="sc-AxmLO iqywtB"
          >
            <h3
              class="sc-fzozJi dfFTYx"
            >
              Christian Huffman
            </h3>
            <p
              class="sc-fzoLsD gORiZZ"
            >
              @ some date in time
            </p>
          </div>
        </div>
      </div>
      <div
        class="sc-AxhUy bdLdpE"
      >
        <div
          class="sc-AxgMl lhehUv"
        >
          <h3
            class="sc-AxheI hhptHN"
          >
            My cool story about something...
          </h3>
          <p
            class="sc-Axmtr dBzwKj"
          >
            This is the description of my story to somewhat sums it up...
          </p>
          <div
            class="sc-AxmLO iqywtB"
          >
            <h3
              class="sc-fzozJi dfFTYx"
            >
              Christian Huffman
            </h3>
            <p
              class="sc-fzoLsD gORiZZ"
            >
              @ some date in time
            </p>
          </div>
        </div>
      </div>
      <div
        class="sc-AxhUy bdLdpE"
      >
        <div
          class="sc-AxgMl lhehUv"
        >
          <h3
            class="sc-AxheI hhptHN"
          >
            My cool story about something...
          </h3>
          <p
            class="sc-Axmtr dBzwKj"
          >
            This is the description of my story to somewhat sums it up...
          </p>
          <div
            class="sc-AxmLO iqywtB"
          >
            <h3
              class="sc-fzozJi dfFTYx"
            >
              Christian Huffman
            </h3>
            <p
              class="sc-fzoLsD gORiZZ"
            >
              @ some date in time
            </p>
          </div>
        </div>
      </div>
      <div
        class="sc-AxhUy bdLdpE"
      >
        <div
          class="sc-AxgMl lhehUv"
        >
          <h3
            class="sc-AxheI hhptHN"
          >
            My cool story about something...
          </h3>
          <p
            class="sc-Axmtr dBzwKj"
          >
            This is the description of my story to somewhat sums it up...
          </p>
          <div
            class="sc-AxmLO iqywtB"
          >
            <h3
              class="sc-fzozJi dfFTYx"
            >
              Christian Huffman
            </h3>
            <p
              class="sc-fzoLsD gORiZZ"
            >
              @ some date in time
            </p>
          </div>
        </div>
      </div>
    </div>
  </div>
</div>
`;
